{-# LANGUAGE TemplateHaskell #-}
{-# LANGUAGE TemplateHaskellQuotes #-}

import Language.Haskell.TH

t = [|id|]
